load("@rules_python//python:defs.bzl", "py_library")

py_library(
    name = "foo",
    srcs = ["foo.py"],
    imports = "../..",
    tags = ["py-gazelle-managed"],
    visibility = ["//visibility:public"],
    deps = ["//python/pkg1"],
)
