load("@rules_python//python:defs.bzl", "py_library")

py_library(
    name = "mod",
    srcs = ["mod.py"],
    imports = ".",
    tags = ["py-gazelle-managed"],
    visibility = ["//visibility:public"],
)
