load("@rules_python//python:defs.bzl", "py_library")

# gazelle:py_repo_name_prefix pip_
# gazelle:py_external_module_map_path external_modules.yaml

py_library(
    name = "mod",
    srcs = ["mod.py"],
    imports = ".",
    tags = ["py-gazelle-managed"],
    visibility = ["//visibility:public"],
)
